
     Program PHONON v.7.2 starts on  7Aug2024 at 15:15:23 

     This program is part of the open-source Quantum ESPRESSO suite
     for quantum simulation of materials; please cite
         "P. Giannozzi et al., J. Phys.:Condens. Matter 21 395502 (2009);
         "P. Giannozzi et al., J. Phys.:Condens. Matter 29 465901 (2017);
         "P. Giannozzi et al., J. Chem. Phys. 152 154105 (2020);
          URL http://www.quantum-espresso.org", 
     in publications or presentations arising from this work. More details at
     http://www.quantum-espresso.org/quote

     Parallel version (MPI), running on     8 processors

     MPI processes distributed on     1 nodes
     R & G space division:  proc/nbgrp/npool/nimage =       8
     47444 MiB available memory on the printing compute node when the environment starts
 
     Reading input from ph.in
      Title line not specified: using 'default'.


     Dynamical matrices for q-points given in input
     (   1q-points):
       N         xq(1)         xq(2)         xq(3) 
       1   0.500000000   0.500000000   0.500000000

     Reading xml data from directory:

     ./tmp/scf.save/

     IMPORTANT: XC functional enforced from input :
     Exchange-correlation= PBE
                           (   1   4   3   4   0   0   0)
     Any further DFT definition will be discarded
     Please, verify this is what you really want

 
     Parallelization info
     --------------------
     sticks:   dense  smooth     PW     G-vecs:    dense   smooth      PW
     Min         107     107     31                 2110     2110     334
     Max         108     108     32                 2113     2113     337
     Sum         859     859    253                16889    16889    2685
 
     Using Slab Decomposition
 
     Reading collected, re-writing distributed wavefunctions

     Saving dvscf to file. Distribute only q points, not irreducible represetations.

     Calculation of q =    0.5000000   0.5000000   0.5000000
     Subspace diagonalization in iterative solution of the eigenvalue problem:
     a serial algorithm will be used

 
     Parallelization info
     --------------------
     sticks:   dense  smooth     PW     G-vecs:    dense   smooth      PW
     Min         107     107     35                 2110     2110     389
     Max         108     108     36                 2113     2113     391
     Sum         859     859    283                16889    16889    3119
 
     Using Slab Decomposition
 

     Title: 
     default                                                                    


     bravais-lattice index     =            2
     lattice parameter (alat)  =      10.2622  a.u.
     unit-cell volume          =     270.1848 (a.u.)^3
     number of atoms/cell      =            2
     number of atomic types    =            1
     number of electrons       =         8.00
     number of Kohn-Sham states=            4
     kinetic-energy cutoff     =      60.0000  Ry
     charge density cutoff     =     240.0000  Ry
     Exchange-correlation= PBE
                           (   1   4   3   4   0   0   0)

     celldm(1)=  10.262196  celldm(2)=   0.000000  celldm(3)=   0.000000
     celldm(4)=   0.000000  celldm(5)=   0.000000  celldm(6)=   0.000000

     crystal axes: (cart. coord. in units of alat)
               a(1) = (  -0.500000   0.000000   0.500000 )  
               a(2) = (   0.000000   0.500000   0.500000 )  
               a(3) = (  -0.500000   0.500000   0.000000 )  

     reciprocal axes: (cart. coord. in units 2 pi/alat)
               b(1) = ( -1.000000 -1.000000  1.000000 )  
               b(2) = (  1.000000  1.000000  1.000000 )  
               b(3) = ( -1.000000  1.000000 -1.000000 )  


     PseudoPot. # 1 for Si read from file:
     /home/apolyukhin/Development/frozen_phonons/elph/example/pseudo/Si.upf
     MD5 check sum: 02fab3f35e82123ef5bf1cb05d5b1a5e
     Pseudo is Norm-conserving + core correction, Zval =  4.0
     Generated using ONCVPSP code by D. R. Hamann
     Using radial grid of 1510 points,  6 beta functions with: 
                l(1) =   0
                l(2) =   0
                l(3) =   1
                l(4) =   1
                l(5) =   2
                l(6) =   2

     atomic species   valence    mass     pseudopotential
        Si             4.00    28.08550     Si( 1.00)

     48 Sym. Ops., with inversion, found



   Cartesian axes

     site n.     atom                  positions (alat units)
         1           Si  tau(   1) = (   0.0000000   0.0000000   0.0000000  )
         2           Si  tau(   2) = (  -0.7500000   0.7500000   0.7500000  )

     number of k points=    24
                       cart. coord. in units 2pi/alat
        k(    1) = (   0.0000000   0.0000000   0.0000000), wk =   0.2500000
        k(    2) = (   0.5000000   0.5000000   0.5000000), wk =   0.0000000
        k(    3) = (  -0.5000000   0.5000000  -0.5000000), wk =   0.1875000
        k(    4) = (   0.0000000   1.0000000   0.0000000), wk =   0.0000000
        k(    5) = (   0.5000000   0.5000000   0.5000000), wk =   0.0625000
        k(    6) = (   1.0000000   1.0000000   1.0000000), wk =   0.0000000
        k(    7) = (   0.0000000   1.0000000   0.0000000), wk =   0.2500000
        k(    8) = (   0.5000000   1.5000000   0.5000000), wk =   0.0000000
        k(    9) = (  -0.5000000  -0.5000000   0.5000000), wk =   0.1875000
        k(   10) = (   0.0000000   0.0000000   1.0000000), wk =   0.0000000
        k(   11) = (  -1.0000000   0.0000000   0.0000000), wk =   0.2500000
        k(   12) = (  -0.5000000   0.5000000   0.5000000), wk =   0.0000000
        k(   13) = (   0.0000000   0.0000000   1.0000000), wk =   0.2500000
        k(   14) = (   0.5000000   0.5000000   1.5000000), wk =   0.0000000
        k(   15) = (  -0.5000000   0.5000000   0.5000000), wk =   0.1875000
        k(   16) = (   0.0000000   1.0000000   1.0000000), wk =   0.0000000
        k(   17) = (  -0.5000000  -0.5000000  -0.5000000), wk =   0.0625000
        k(   18) = (   0.0000000   0.0000000   0.0000000), wk =   0.0000000
        k(   19) = (  -0.5000000   0.5000000   0.5000000), wk =   0.1875000
        k(   20) = (   0.0000000   1.0000000   1.0000000), wk =   0.0000000
        k(   21) = (  -0.5000000  -0.5000000  -0.5000000), wk =   0.0625000
        k(   22) = (   0.0000000   0.0000000   0.0000000), wk =   0.0000000
        k(   23) = (   0.5000000   0.5000000   0.5000000), wk =   0.0625000
        k(   24) = (   1.0000000   1.0000000   1.0000000), wk =   0.0000000

     Dense  grid:    16889 G-vectors     FFT dimensions: (  36,  36,  36)

     Estimated max dynamical RAM per process >       2.32 MB

     Estimated total dynamical RAM >      18.55 MB

     The potential is recalculated from file :
     ./tmp/_ph0/scf.q_1/scf.save/charge-density

     Starting wfcs are    8 atomic wfcs

     Band Structure Calculation
     Davidson diagonalization with overlap

     ethr =  1.25E-10,  avg # of iterations = 10.9

     total cpu time spent up to now is        0.4 secs

     End of band structure calculation

          k = 0.0000 0.0000 0.0000 (  2109 PWs)   bands (ev):

    -5.4907   6.5309   6.5309   6.5309

          k = 0.5000 0.5000 0.5000 (  2120 PWs)   bands (ev):

    -3.1406  -0.5123   5.3000   5.3000

          k =-0.5000 0.5000-0.5000 (  2120 PWs)   bands (ev):

    -3.1406  -0.5123   5.3000   5.3000

          k = 0.0000 1.0000 0.0000 (  2100 PWs)   bands (ev):

    -1.3262  -1.3262   3.6097   3.6097

          k = 0.5000 0.5000 0.5000 (  2120 PWs)   bands (ev):

    -3.1406  -0.5123   5.3000   5.3000

          k = 1.0000 1.0000 1.0000 (  2109 PWs)   bands (ev):

    -5.4907   6.5309   6.5309   6.5309

          k = 0.0000 1.0000 0.0000 (  2100 PWs)   bands (ev):

    -1.3262  -1.3262   3.6097   3.6097

          k = 0.5000 1.5000 0.5000 (  2120 PWs)   bands (ev):

    -3.1406  -0.5123   5.3000   5.3000

          k =-0.5000-0.5000 0.5000 (  2120 PWs)   bands (ev):

    -3.1406  -0.5123   5.3000   5.3000

          k = 0.0000 0.0000 1.0000 (  2100 PWs)   bands (ev):

    -1.3262  -1.3262   3.6097   3.6097

          k =-1.0000 0.0000 0.0000 (  2100 PWs)   bands (ev):

    -1.3262  -1.3262   3.6097   3.6097

          k =-0.5000 0.5000 0.5000 (  2120 PWs)   bands (ev):

    -3.1406  -0.5123   5.3000   5.3000

          k = 0.0000 0.0000 1.0000 (  2100 PWs)   bands (ev):

    -1.3262  -1.3262   3.6097   3.6097

          k = 0.5000 0.5000 1.5000 (  2120 PWs)   bands (ev):

    -3.1406  -0.5123   5.3000   5.3000

          k =-0.5000 0.5000 0.5000 (  2120 PWs)   bands (ev):

    -3.1406  -0.5123   5.3000   5.3000

          k = 0.0000 1.0000 1.0000 (  2100 PWs)   bands (ev):

    -1.3262  -1.3262   3.6097   3.6097

          k =-0.5000-0.5000-0.5000 (  2120 PWs)   bands (ev):

    -3.1406  -0.5123   5.3000   5.3000

          k = 0.0000 0.0000 0.0000 (  2109 PWs)   bands (ev):

    -5.4907   6.5309   6.5309   6.5309

          k =-0.5000 0.5000 0.5000 (  2120 PWs)   bands (ev):

    -3.1406  -0.5123   5.3000   5.3000

          k = 0.0000 1.0000 1.0000 (  2100 PWs)   bands (ev):

    -1.3262  -1.3262   3.6097   3.6097

          k =-0.5000-0.5000-0.5000 (  2120 PWs)   bands (ev):

    -3.1406  -0.5123   5.3000   5.3000

          k = 0.0000 0.0000 0.0000 (  2109 PWs)   bands (ev):

    -5.4907   6.5309   6.5309   6.5309

          k = 0.5000 0.5000 0.5000 (  2120 PWs)   bands (ev):

    -3.1406  -0.5123   5.3000   5.3000

          k = 1.0000 1.0000 1.0000 (  2109 PWs)   bands (ev):

    -5.4907   6.5309   6.5309   6.5309

     highest occupied level (ev):     6.5309

     Writing config to output data dir ./tmp/_ph0/scf.q_1/scf.save/

     default                                                                    

     bravais-lattice index     =            2
     lattice parameter (alat)  =      10.2622  a.u.
     unit-cell volume          =     270.1848 (a.u.)^3
     number of atoms/cell      =            2
     number of atomic types    =            1
     kinetic-energy cut-off    =      60.0000  Ry
     charge density cut-off    =     240.0000  Ry
     convergence threshold     =      1.0E-12
     beta                      =       0.7000
     number of iterations used =            4
     Exchange-correlation= PBE
                           (   1   4   3   4   0   0   0)


     celldm(1)=   10.26220  celldm(2)=    0.00000  celldm(3)=    0.00000
     celldm(4)=    0.00000  celldm(5)=    0.00000  celldm(6)=    0.00000

     crystal axes: (cart. coord. in units of alat)
               a(1) = ( -0.5000  0.0000  0.5000 )  
               a(2) = (  0.0000  0.5000  0.5000 )  
               a(3) = ( -0.5000  0.5000  0.0000 )  

     reciprocal axes: (cart. coord. in units 2 pi/alat)
               b(1) = ( -1.0000 -1.0000  1.0000 )  
               b(2) = (  1.0000  1.0000  1.0000 )  
               b(3) = ( -1.0000  1.0000 -1.0000 )  


     Atoms inside the unit cell: 

     Cartesian axes

     site n.  atom      mass           positions (alat units)
        1     Si  28.0855   tau(    1) = (    0.00000    0.00000    0.00000  )
        2     Si  28.0855   tau(    2) = (   -0.75000    0.75000    0.75000  )

     Computing dynamical matrix for 
                    q = (   0.5000000   0.5000000   0.5000000 )
 
     13 Sym.Ops. (with q -> -q+G )


     G cutoff =  640.2242  (   2111 G-vectors)     FFT grid: ( 36, 36, 36)
     number of k points=    24

     PseudoPot. # 1 for Si read from file:
     /home/apolyukhin/Development/frozen_phonons/elph/example/pseudo/Si.upf
     MD5 check sum: 02fab3f35e82123ef5bf1cb05d5b1a5e
     Pseudo is Norm-conserving + core correction, Zval =  4.0
     Generated using ONCVPSP code by D. R. Hamann
     Using radial grid of 1510 points,  6 beta functions with: 
                l(1) =   0
                l(2) =   0
                l(3) =   1
                l(4) =   1
                l(5) =   2
                l(6) =   2


     Atomic displacements:
     There are    4 irreducible representations

     Representation     1      2 modes -  To be done

     Representation     2      1 modes -  To be done

     Representation     3      2 modes -  To be done

     Representation     4      1 modes -  To be done



     Alpha used in Ewald sum =   2.5000
     PHONON       :      0.43s CPU      1.18s WALL



     Representation #   1 modes #   1   2

     Self-consistent Calculation

      iter #   1 total cpu time :     1.3 secs   av.it.:   5.4
      thresh= 1.000E-02 alpha_mix =  0.700 |ddv_scf|^2 =  1.675E-08

      iter #   2 total cpu time :     1.5 secs   av.it.:   9.9
      thresh= 1.294E-05 alpha_mix =  0.700 |ddv_scf|^2 =  8.906E-10

      iter #   3 total cpu time :     1.6 secs   av.it.:   9.9
      thresh= 2.984E-06 alpha_mix =  0.700 |ddv_scf|^2 =  5.320E-11

      iter #   4 total cpu time :     1.8 secs   av.it.:  10.0
      thresh= 7.294E-07 alpha_mix =  0.700 |ddv_scf|^2 =  2.133E-13

     End of self-consistent calculation

     Convergence has been achieved 


     Representation #   2 mode #   3

     Self-consistent Calculation

      iter #   1 total cpu time :     2.0 secs   av.it.:   6.5
      thresh= 1.000E-02 alpha_mix =  0.700 |ddv_scf|^2 =  7.219E-05

      iter #   2 total cpu time :     2.1 secs   av.it.:   8.8
      thresh= 8.497E-04 alpha_mix =  0.700 |ddv_scf|^2 =  3.532E-04

      iter #   3 total cpu time :     2.2 secs   av.it.:   7.8
      thresh= 1.879E-03 alpha_mix =  0.700 |ddv_scf|^2 =  1.315E-08

      iter #   4 total cpu time :     2.2 secs   av.it.:   8.6
      thresh= 1.147E-05 alpha_mix =  0.700 |ddv_scf|^2 =  7.195E-10

      iter #   5 total cpu time :     2.3 secs   av.it.:   8.8
      thresh= 2.682E-06 alpha_mix =  0.700 |ddv_scf|^2 =  7.464E-11

      iter #   6 total cpu time :     2.4 secs   av.it.:   8.8
      thresh= 8.639E-07 alpha_mix =  0.700 |ddv_scf|^2 =  1.371E-13

     End of self-consistent calculation

     Convergence has been achieved 


     Representation #   3 modes #   4   5

     Self-consistent Calculation

      iter #   1 total cpu time :     2.6 secs   av.it.:   5.2
      thresh= 1.000E-02 alpha_mix =  0.700 |ddv_scf|^2 =  1.714E-07

      iter #   2 total cpu time :     2.7 secs   av.it.:   9.4
      thresh= 4.140E-05 alpha_mix =  0.700 |ddv_scf|^2 =  2.960E-08

      iter #   3 total cpu time :     2.9 secs   av.it.:   9.0
      thresh= 1.721E-05 alpha_mix =  0.700 |ddv_scf|^2 =  9.679E-11

      iter #   4 total cpu time :     3.0 secs   av.it.:   9.4
      thresh= 9.838E-07 alpha_mix =  0.700 |ddv_scf|^2 =  1.899E-13

     End of self-consistent calculation

     Convergence has been achieved 


     Representation #   4 mode #   6

     Self-consistent Calculation

      iter #   1 total cpu time :     3.1 secs   av.it.:   5.2
      thresh= 1.000E-02 alpha_mix =  0.700 |ddv_scf|^2 =  2.983E-06

      iter #   2 total cpu time :     3.2 secs   av.it.:   8.4
      thresh= 1.727E-04 alpha_mix =  0.700 |ddv_scf|^2 =  2.105E-06

      iter #   3 total cpu time :     3.3 secs   av.it.:   7.5
      thresh= 1.451E-04 alpha_mix =  0.700 |ddv_scf|^2 =  4.888E-10

      iter #   4 total cpu time :     3.3 secs   av.it.:   8.5
      thresh= 2.211E-06 alpha_mix =  0.700 |ddv_scf|^2 =  9.870E-12

      iter #   5 total cpu time :     3.4 secs   av.it.:   8.2
      thresh= 3.142E-07 alpha_mix =  0.700 |ddv_scf|^2 =  2.135E-13

     End of self-consistent calculation

     Convergence has been achieved 
 
     Number of q in the star =    4
     List of q in the star:
          1   0.500000000   0.500000000   0.500000000
          2  -0.500000000   0.500000000   0.500000000
          3   0.500000000   0.500000000  -0.500000000
          4   0.500000000  -0.500000000   0.500000000

     Diagonalizing the dynamical matrix

     q = (    0.500000000   0.500000000   0.500000000 ) 

 **************************************************************************
     freq (    1) =      -1.730648 [THz] =     -57.728206 [cm-1]
     freq (    2) =      -1.730648 [THz] =     -57.728206 [cm-1]
     freq (    3) =      11.070109 [THz] =     369.259079 [cm-1]
     freq (    4) =      12.601900 [THz] =     420.354152 [cm-1]
     freq (    5) =      14.369518 [THz] =     479.315539 [cm-1]
     freq (    6) =      14.369518 [THz] =     479.315539 [cm-1]
 **************************************************************************

electron-phonon interaction  ...

      Electron-phonon vertex |g| (meV)

     q coord.:    0.5000000   0.5000000   0.5000000
     k coord.:   -0.5000000   0.5000000  -0.5000000
      ibnd     jbnd     imode   enk[eV]    enk+q[eV]  omega(q)[meV]   |g|[meV]
     ------------------------------------------------------------------------------
        1        1        1     -3.1406     -1.3262        7.1573853283    0.0000000000E+00
        1        1        2     -3.1406     -1.3262        7.1573853283    0.0000000000E+00
        1        1        3     -3.1406     -1.3262       45.7822908871    0.8954542791E+02
        1        1        4     -3.1406     -1.3262       52.1172725671    0.1138449521E+03
        1        1        5     -3.1406     -1.3262       59.4275529174    0.5549597780E+02
        1        1        6     -3.1406     -1.3262       59.4275529174    0.5549597780E+02
        1        2        1     -3.1406     -1.3262        7.1573853283    0.0000000000E+00
        1        2        2     -3.1406     -1.3262        7.1573853283    0.0000000000E+00
        1        2        3     -3.1406     -1.3262       45.7822908871    0.8954542791E+02
        1        2        4     -3.1406     -1.3262       52.1172725671    0.1138449521E+03
        1        2        5     -3.1406     -1.3262       59.4275529174    0.5549597780E+02
        1        2        6     -3.1406     -1.3262       59.4275529174    0.5549597780E+02
        1        3        1     -3.1406      3.6097        7.1573853283    0.0000000000E+00
        1        3        2     -3.1406      3.6097        7.1573853283    0.0000000000E+00
        1        3        3     -3.1406      3.6097       45.7822908871    0.1055368019E+03
        1        3        4     -3.1406      3.6097       52.1172725671    0.5699044199E-06
        1        3        5     -3.1406      3.6097       59.4275529174    0.9732018063E+02
        1        3        6     -3.1406      3.6097       59.4275529174    0.9732018063E+02
        1        4        1     -3.1406      3.6097        7.1573853283    0.0000000000E+00
        1        4        2     -3.1406      3.6097        7.1573853283    0.0000000000E+00
        1        4        3     -3.1406      3.6097       45.7822908871    0.1055368019E+03
        1        4        4     -3.1406      3.6097       52.1172725671    0.5699044199E-06
        1        4        5     -3.1406      3.6097       59.4275529174    0.9732018063E+02
        1        4        6     -3.1406      3.6097       59.4275529174    0.9732018063E+02
        2        1        1     -0.5123     -1.3262        7.1573853283    0.0000000000E+00
        2        1        2     -0.5123     -1.3262        7.1573853283    0.0000000000E+00
        2        1        3     -0.5123     -1.3262       45.7822908871    0.4420696344E+02
        2        1        4     -0.5123     -1.3262       52.1172725671    0.9009505818E+02
        2        1        5     -0.5123     -1.3262       59.4275529174    0.8563243361E+02
        2        1        6     -0.5123     -1.3262       59.4275529174    0.8563243361E+02
        2        2        1     -0.5123     -1.3262        7.1573853283    0.0000000000E+00
        2        2        2     -0.5123     -1.3262        7.1573853283    0.0000000000E+00
        2        2        3     -0.5123     -1.3262       45.7822908871    0.4420696344E+02
        2        2        4     -0.5123     -1.3262       52.1172725671    0.9009505818E+02
        2        2        5     -0.5123     -1.3262       59.4275529174    0.8563243361E+02
        2        2        6     -0.5123     -1.3262       59.4275529174    0.8563243361E+02
        2        3        1     -0.5123      3.6097        7.1573853283    0.0000000000E+00
        2        3        2     -0.5123      3.6097        7.1573853283    0.0000000000E+00
        2        3        3     -0.5123      3.6097       45.7822908871    0.5002807184E-06
        2        3        4     -0.5123      3.6097       52.1172725671    0.9739377116E+02
        2        3        5     -0.5123      3.6097       59.4275529174    0.4475098299E+02
        2        3        6     -0.5123      3.6097       59.4275529174    0.4475098299E+02
        2        4        1     -0.5123      3.6097        7.1573853283    0.0000000000E+00
        2        4        2     -0.5123      3.6097        7.1573853283    0.0000000000E+00
        2        4        3     -0.5123      3.6097       45.7822908871    0.5002807184E-06
        2        4        4     -0.5123      3.6097       52.1172725671    0.9739377116E+02
        2        4        5     -0.5123      3.6097       59.4275529174    0.4475098299E+02
        2        4        6     -0.5123      3.6097       59.4275529174    0.4475098299E+02
        3        1        1      5.3000     -1.3262        7.1573853283    0.0000000000E+00
        3        1        2      5.3000     -1.3262        7.1573853283    0.0000000000E+00
        3        1        3      5.3000     -1.3262       45.7822908871    0.8373911826E+02
        3        1        4      5.3000     -1.3262       52.1172725671    0.5278850102E+02
        3        1        5      5.3000     -1.3262       59.4275529174    0.7514653747E+02
        3        1        6      5.3000     -1.3262       59.4275529174    0.7514653747E+02
        3        2        1      5.3000     -1.3262        7.1573853283    0.0000000000E+00
        3        2        2      5.3000     -1.3262        7.1573853283    0.0000000000E+00
        3        2        3      5.3000     -1.3262       45.7822908871    0.8373911826E+02
        3        2        4      5.3000     -1.3262       52.1172725671    0.5278850102E+02
        3        2        5      5.3000     -1.3262       59.4275529174    0.7514653747E+02
        3        2        6      5.3000     -1.3262       59.4275529174    0.7514653747E+02
        3        3        1      5.3000      3.6097        7.1573853283    0.0000000000E+00
        3        3        2      5.3000      3.6097        7.1573853283    0.0000000000E+00
        3        3        3      5.3000      3.6097       45.7822908871    0.4097366199E+02
        3        3        4      5.3000      3.6097       52.1172725671    0.9743261142E+02
        3        3        5      5.3000      3.6097       59.4275529174    0.4007793928E+02
        3        3        6      5.3000      3.6097       59.4275529174    0.4007793928E+02
        3        4        1      5.3000      3.6097        7.1573853283    0.0000000000E+00
        3        4        2      5.3000      3.6097        7.1573853283    0.0000000000E+00
        3        4        3      5.3000      3.6097       45.7822908871    0.4097366199E+02
        3        4        4      5.3000      3.6097       52.1172725671    0.9743261142E+02
        3        4        5      5.3000      3.6097       59.4275529174    0.4007793928E+02
        3        4        6      5.3000      3.6097       59.4275529174    0.4007793928E+02
        4        1        1      5.3000     -1.3262        7.1573853283    0.0000000000E+00
        4        1        2      5.3000     -1.3262        7.1573853283    0.0000000000E+00
        4        1        3      5.3000     -1.3262       45.7822908871    0.8373911826E+02
        4        1        4      5.3000     -1.3262       52.1172725671    0.5278850102E+02
        4        1        5      5.3000     -1.3262       59.4275529174    0.7514653747E+02
        4        1        6      5.3000     -1.3262       59.4275529174    0.7514653747E+02
        4        2        1      5.3000     -1.3262        7.1573853283    0.0000000000E+00
        4        2        2      5.3000     -1.3262        7.1573853283    0.0000000000E+00
        4        2        3      5.3000     -1.3262       45.7822908871    0.8373911826E+02
        4        2        4      5.3000     -1.3262       52.1172725671    0.5278850102E+02
        4        2        5      5.3000     -1.3262       59.4275529174    0.7514653747E+02
        4        2        6      5.3000     -1.3262       59.4275529174    0.7514653747E+02
        4        3        1      5.3000      3.6097        7.1573853283    0.0000000000E+00
        4        3        2      5.3000      3.6097        7.1573853283    0.0000000000E+00
        4        3        3      5.3000      3.6097       45.7822908871    0.4097366199E+02
        4        3        4      5.3000      3.6097       52.1172725671    0.9743261142E+02
        4        3        5      5.3000      3.6097       59.4275529174    0.4007793928E+02
        4        3        6      5.3000      3.6097       59.4275529174    0.4007793928E+02
        4        4        1      5.3000      3.6097        7.1573853283    0.0000000000E+00
        4        4        2      5.3000      3.6097        7.1573853283    0.0000000000E+00
        4        4        3      5.3000      3.6097       45.7822908871    0.4097366199E+02
        4        4        4      5.3000      3.6097       52.1172725671    0.9743261142E+02
        4        4        5      5.3000      3.6097       59.4275529174    0.4007793928E+02
        4        4        6      5.3000      3.6097       59.4275529174    0.4007793928E+02
     ------------------------------------------------------------------------------

 
     init_run     :      0.02s CPU      0.04s WALL (       1 calls)
     electrons    :      0.19s CPU      0.32s WALL (       1 calls)

     Called by init_run:
     wfcinit      :      0.00s CPU      0.00s WALL (       1 calls)
     potinit      :      0.00s CPU      0.02s WALL (       1 calls)
     hinit0       :      0.01s CPU      0.01s WALL (       1 calls)

     Called by electrons:
     c_bands      :      0.19s CPU      0.32s WALL (       1 calls)
     v_of_rho     :      0.01s CPU      0.02s WALL (       2 calls)

     Called by c_bands:
     init_us_2    :      0.02s CPU      0.03s WALL (     420 calls)
     init_us_2:cp :      0.02s CPU      0.02s WALL (     420 calls)
     cegterg      :      0.12s CPU      0.15s WALL (      24 calls)

     Called by *egterg:
     cdiaghg      :      0.01s CPU      0.02s WALL (     285 calls)
     h_psi        :      0.98s CPU      1.20s WALL (    3456 calls)
     g_psi        :      0.00s CPU      0.00s WALL (     261 calls)

     Called by h_psi:
     h_psi:calbec :      0.07s CPU      0.09s WALL (    3456 calls)
     vloc_psi     :      0.85s CPU      1.04s WALL (    3456 calls)
     add_vuspsi   :      0.03s CPU      0.04s WALL (    3456 calls)

     General routines
     calbec       :      0.12s CPU      0.15s WALL (    7011 calls)
     fft          :      0.05s CPU      0.10s WALL (     448 calls)
     ffts         :      0.01s CPU      0.01s WALL (      96 calls)
     fftw         :      0.93s CPU      1.13s WALL (   30468 calls)
     davcio       :      0.02s CPU      0.19s WALL (    1886 calls)
 
     Parallel routines
 
     PHONON       :      2.21s CPU      3.49s WALL

     INITIALIZATION: 
     phq_setup    :      0.01s CPU      0.01s WALL (       1 calls)
     phq_init     :      0.07s CPU      0.10s WALL (       1 calls)
 
     phq_init     :      0.07s CPU      0.10s WALL (       1 calls)
     set_drhoc    :      0.05s CPU      0.05s WALL (       3 calls)
     init_vloc    :      0.01s CPU      0.01s WALL (       2 calls)
     init_us_1    :      0.02s CPU      0.03s WALL (       2 calls)
     init_us_2    :      0.02s CPU      0.03s WALL (     420 calls)
 
     DYNAMICAL MATRIX:
     dynmat0      :      0.05s CPU      0.07s WALL (       1 calls)
     dynmat_us    :      0.01s CPU      0.01s WALL (       1 calls)
     d2ionq       :      0.00s CPU      0.01s WALL (       1 calls)
     dynmatcc     :      0.04s CPU      0.04s WALL (       1 calls)
     phqscf       :      1.78s CPU      2.29s WALL (       1 calls)
     dynmatrix    :      0.00s CPU      0.01s WALL (       1 calls)
 
     phqscf       :      1.78s CPU      2.29s WALL (       1 calls)
     solve_linter :      1.75s CPU      2.26s WALL (       4 calls)
     sth_kernel   :      1.29s CPU      1.58s WALL (      19 calls)
     h_prec       :      0.00s CPU      0.00s WALL (     228 calls)
     apply_dpot_b :      0.10s CPU      0.13s WALL (     324 calls)
     ortho        :      0.01s CPU      0.01s WALL (     324 calls)
     cgsolve      :      1.08s CPU      1.30s WALL (     324 calls)
     incdrhoscf   :      0.10s CPU      0.12s WALL (     324 calls)
                                        0.00s GPU  (     324 calls)
     vpsifft      :      0.02s CPU      0.04s WALL (      72 calls)
     dv_of_drho   :      0.02s CPU      0.03s WALL (      27 calls)
     mix_pot      :      0.01s CPU      0.02s WALL (      19 calls)
     drhodv       :      0.02s CPU      0.02s WALL (       4 calls)
     psymdvscf    :      0.30s CPU      0.32s WALL (      19 calls)
 
     dvqpsi_us    :      0.05s CPU      0.06s WALL (      72 calls)
                                        0.00s GPU  (      72 calls)
     dvqpsi_us_on :      0.01s CPU      0.01s WALL (      72 calls)
 
     add_vuspsi   :      0.03s CPU      0.04s WALL (    3456 calls)
 
 
      Electron-phonon coupling
     elphel       :      0.03s CPU      0.12s WALL (       4 calls)
 
      General routines
     calbec       :      0.12s CPU      0.15s WALL (    7011 calls)
     fft          :      0.05s CPU      0.10s WALL (     448 calls)
     ffts         :      0.01s CPU      0.01s WALL (      96 calls)
     fftw         :      0.93s CPU      1.13s WALL (   30468 calls)
     davcio       :      0.02s CPU      0.19s WALL (    1886 calls)
     write_rec    :      0.01s CPU      0.02s WALL (      23 calls)
 
      Additional routines
     ch_psi       :      1.02s CPU      1.23s WALL (    3147 calls)
     last         :      0.12s CPU      0.15s WALL (    3147 calls)
     Hesh         :      0.01s CPU      0.01s WALL (    3147 calls)
     ch_psi_all_k :      0.10s CPU      0.12s WALL (    3147 calls)
                                        0.00s GPU  (    3147 calls)
     ch_psi_calbe :      0.05s CPU      0.06s WALL (    3147 calls)
                                        0.00s GPU  (    3147 calls)
     h_psi_bgrp   :      0.99s CPU      1.20s WALL (    3456 calls)
     h_psi        :      0.98s CPU      1.20s WALL (    3456 calls)
     h_psi:pot    :      0.97s CPU      1.18s WALL (    3456 calls)
     h_psi:calbec :      0.07s CPU      0.09s WALL (    3456 calls)
     s_psi_bgrp   :      0.01s CPU      0.01s WALL (    6618 calls)
 
 
     PHONON       :      2.21s CPU      3.49s WALL

 
   This run was terminated on:  15:15:26   7Aug2024            

=------------------------------------------------------------------------------=
   JOB DONE.
=------------------------------------------------------------------------------=
